[2026-08-03 19:04:48] [INFO] [nlp_system:model_manager.py:43] - ModelManager initialized on target device: mps
[2026-08-03 19:05:31] [INFO] [nlp_system:model_manager.py:43] - ModelManager initialized on target device: mps
[2026-08-03 19:06:19] [INFO] [nlp_system:model_manager.py:43] - ModelManager initialized on target device: mps
[2026-08-03 19:07:52] [INFO] [nlp_system:model_manager.py:43] - ModelManager initialized on target device: mps
[2026-08-03 19:10:25] [INFO] [nlp_system:model_manager.py:43] - ModelManager initialized on target device: mps
[2026-08-03 19:10:59] [INFO] [nlp_system:dynamic_router.py:20] - Processing request with prompt length 229 chars
[2026-08-03 19:10:59] [INFO] [nlp_system:intent_classifier.py:36] - Loading Zero-Shot Classifier pipeline with 'valhalla/distilbart-mnli-12-3' on mps
[2026-08-03 19:11:28] [INFO] [nlp_system:model_manager.py:43] - ModelManager initialized on target device: mps
[2026-08-03 19:11:31] [INFO] [nlp_system:dynamic_router.py:20] - Processing request with prompt length 229 chars
[2026-08-03 19:11:31] [INFO] [nlp_system:intent_classifier.py:36] - Loading Zero-Shot Classifier pipeline with 'valhalla/distilbart-mnli-12-3' on mps
[2026-08-03 19:11:58] [INFO] [nlp_system:dynamic_router.py:27] - Routing Decision: Task='question_answering', Confidence=0.34639590978622437, Reason='Zero-Shot classification score (0.35) fell below threshold (0.55). Routed to generalist Instruction Q&A model.'
[2026-08-03 19:11:58] [INFO] [nlp_system:model_manager.py:58] - Loading pipeline 'google/flan-t5-base' for task 'question_answering' onto mps...
[2026-08-03 19:11:58] [INFO] [nlp_system:text_gen.py:17] - Instantiating Q&A pipeline with model 'google/flan-t5-base'
[2026-08-03 19:12:00] [INFO] [nlp_system:dynamic_router.py:27] - Routing Decision: Task='question_answering', Confidence=0.34639590978622437, Reason='Zero-Shot classification score (0.35) fell below threshold (0.55). Routed to generalist Instruction Q&A model.'
[2026-08-03 19:12:00] [INFO] [nlp_system:model_manager.py:58] - Loading pipeline 'google/flan-t5-base' for task 'question_answering' onto mps...
[2026-08-03 19:12:00] [INFO] [nlp_system:text_gen.py:17] - Instantiating Q&A pipeline with model 'google/flan-t5-base'
[2026-08-03 19:12:10] [INFO] [nlp_system:logger.py:68] - PREDICTION_EVENT: {"timestamp": "2026-08-03T13:42:10.244914+00:00", "task": "question_answering", "selected_model": "google/flan-t5-base", "execution_time_ms": 7753.79, "status": "SUCCESS"}
[2026-08-03 19:12:11] [INFO] [nlp_system:logger.py:68] - PREDICTION_EVENT: {"timestamp": "2026-08-03T13:42:11.783255+00:00", "task": "question_answering", "selected_model": "google/flan-t5-base", "execution_time_ms": 7873.68, "status": "SUCCESS"}
[2026-08-03 19:12:38] [INFO] [nlp_system:dynamic_router.py:20] - Processing request with prompt length 229 chars
[2026-08-03 19:12:38] [INFO] [nlp_system:dynamic_router.py:27] - Routing Decision: Task='question_answering', Confidence=0.34639590978622437, Reason='Zero-Shot classification score (0.35) fell below threshold (0.55). Routed to generalist Instruction Q&A model.'
[2026-08-03 19:12:38] [INFO] [nlp_system:model_manager.py:55] - Retrieving cached pipeline for question_answering:google/flan-t5-base
[2026-08-03 19:12:39] [INFO] [nlp_system:logger.py:68] - PREDICTION_EVENT: {"timestamp": "2026-08-03T13:42:39.221501+00:00", "task": "question_answering", "selected_model": "google/flan-t5-base", "execution_time_ms": 234.11, "status": "SUCCESS"}
[2026-08-03 19:12:48] [INFO] [nlp_system:dynamic_router.py:20] - Processing request with prompt length 229 chars
[2026-08-03 19:12:48] [INFO] [nlp_system:dynamic_router.py:27] - Routing Decision: Task='summarization', Confidence=1.0, Reason='Manual Override: Task explicitly specified as 'summarization'.'
[2026-08-03 19:12:48] [INFO] [nlp_system:model_manager.py:58] - Loading pipeline 'sshleifer/distilbart-cnn-12-6' for task 'summarization' onto mps...
[2026-08-03 19:12:48] [INFO] [nlp_system:summarizer.py:18] - Instantiating summarization pipeline with model 'sshleifer/distilbart-cnn-12-6'
[2026-08-03 19:13:43] [INFO] [nlp_system:dynamic_router.py:20] - Processing request with prompt length 229 chars
[2026-08-03 19:13:43] [INFO] [nlp_system:dynamic_router.py:27] - Routing Decision: Task='summarization', Confidence=1.0, Reason='Manual Override: Task explicitly specified as 'summarization'.'
[2026-08-03 19:13:43] [INFO] [nlp_system:model_manager.py:58] - Loading pipeline 'sshleifer/distilbart-cnn-12-6' for task 'summarization' onto mps...
[2026-08-03 19:13:43] [INFO] [nlp_system:summarizer.py:18] - Instantiating summarization pipeline with model 'sshleifer/distilbart-cnn-12-6'
[2026-08-03 19:13:50] [INFO] [nlp_system:logger.py:68] - PREDICTION_EVENT: {"timestamp": "2026-08-03T13:43:50.191300+00:00", "task": "summarization", "selected_model": "sshleifer/distilbart-cnn-12-6", "execution_time_ms": 2921.98, "status": "SUCCESS"}
[2026-08-03 19:13:50] [INFO] [nlp_system:logger.py:68] - PREDICTION_EVENT: {"timestamp": "2026-08-03T13:43:50.299364+00:00", "task": "summarization", "selected_model": "sshleifer/distilbart-cnn-12-6", "execution_time_ms": 3030.66, "status": "SUCCESS"}
[2026-08-03 19:27:30] [INFO] [nlp_system:model_manager.py:43] - ModelManager initialized on target device: mps
[2026-08-03 19:27:44] [INFO] [nlp_system:dynamic_router.py:20] - Processing request with prompt length 229 chars
[2026-08-03 19:27:44] [INFO] [nlp_system:intent_classifier.py:36] - Loading Zero-Shot Classifier pipeline with 'valhalla/distilbart-mnli-12-3' on mps
[2026-08-03 19:27:50] [INFO] [nlp_system:dynamic_router.py:27] - Routing Decision: Task='question_answering', Confidence=0.34639590978622437, Reason='Zero-Shot classification score (0.35) fell below threshold (0.55). Routed to generalist Instruction Q&A model.'
[2026-08-03 19:27:50] [INFO] [nlp_system:model_manager.py:58] - Loading pipeline 'google/flan-t5-base' for task 'question_answering' onto mps...
[2026-08-03 19:27:50] [INFO] [nlp_system:text_gen.py:17] - Instantiating Q&A pipeline with model 'google/flan-t5-base'
[2026-08-03 19:27:57] [INFO] [nlp_system:logger.py:68] - PREDICTION_EVENT: {"timestamp": "2026-08-03T13:57:57.854711+00:00", "task": "question_answering", "selected_model": "google/flan-t5-base", "execution_time_ms": 5004.36, "status": "SUCCESS"}
[2026-08-03 19:29:53] [INFO] [nlp_system:benchmark.py:38] - Running System Benchmark Suite on 4 prompts...
[2026-08-03 19:29:53] [INFO] [nlp_system:dynamic_router.py:20] - Processing request with prompt length 229 chars
[2026-08-03 19:29:53] [INFO] [nlp_system:dynamic_router.py:27] - Routing Decision: Task='question_answering', Confidence=0.34639590978622437, Reason='Zero-Shot classification score (0.35) fell below threshold (0.55). Routed to generalist Instruction Q&A model.'
[2026-08-03 19:29:53] [INFO] [nlp_system:model_manager.py:55] - Retrieving cached pipeline for question_answering:google/flan-t5-base
[2026-08-03 19:29:53] [INFO] [nlp_system:logger.py:68] - PREDICTION_EVENT: {"timestamp": "2026-08-03T13:59:53.634120+00:00", "task": "question_answering", "selected_model": "google/flan-t5-base", "execution_time_ms": 235.67, "status": "SUCCESS"}
[2026-08-03 19:29:53] [INFO] [nlp_system:dynamic_router.py:20] - Processing request with prompt length 99 chars
[2026-08-03 19:29:54] [INFO] [nlp_system:dynamic_router.py:27] - Routing Decision: Task='question_answering', Confidence=0.5307950377464294, Reason='Zero-Shot classification score (0.53) fell below threshold (0.55). Routed to generalist Instruction Q&A model.'
[2026-08-03 19:29:54] [INFO] [nlp_system:model_manager.py:55] - Retrieving cached pipeline for question_answering:google/flan-t5-base
[2026-08-03 19:29:54] [INFO] [nlp_system:logger.py:68] - PREDICTION_EVENT: {"timestamp": "2026-08-03T13:59:54.846111+00:00", "task": "question_answering", "selected_model": "google/flan-t5-base", "execution_time_ms": 411.45, "status": "SUCCESS"}
[2026-08-03 19:29:54] [INFO] [nlp_system:dynamic_router.py:20] - Processing request with prompt length 78 chars
[2026-08-03 19:29:54] [INFO] [nlp_system:dynamic_router.py:27] - Routing Decision: Task='question_answering', Confidence=0.95, Reason='Heuristic Rule Match: Matched question/instruction format'
[2026-08-03 19:29:54] [INFO] [nlp_system:model_manager.py:55] - Retrieving cached pipeline for question_answering:google/flan-t5-base
[2026-08-03 19:29:55] [INFO] [nlp_system:logger.py:68] - PREDICTION_EVENT: {"timestamp": "2026-08-03T13:59:55.281221+00:00", "task": "question_answering", "selected_model": "google/flan-t5-base", "execution_time_ms": 434.9, "status": "SUCCESS"}
[2026-08-03 19:29:55] [INFO] [nlp_system:dynamic_router.py:20] - Processing request with prompt length 132 chars
[2026-08-03 19:29:55] [INFO] [nlp_system:dynamic_router.py:27] - Routing Decision: Task='text_generation', Confidence=0.95, Reason='Heuristic Rule Match: Matched creative generation prompt keywords'
[2026-08-03 19:29:55] [INFO] [nlp_system:model_manager.py:58] - Loading pipeline 'gpt2-medium' for task 'text_generation' onto mps...
[2026-08-03 19:29:55] [INFO] [nlp_system:text_gen.py:46] - Instantiating Text Generation pipeline with model 'gpt2-medium'
[2026-08-03 19:31:34] [INFO] [nlp_system:logger.py:68] - PREDICTION_EVENT: {"timestamp": "2026-08-03T14:01:34.177186+00:00", "task": "text_generation", "selected_model": "gpt2-medium", "execution_time_ms": 9106.31, "status": "SUCCESS"}
[2026-08-03 19:31:34] [INFO] [nlp_system:benchmark.py:61] - System Benchmark Suite completed successfully.
[2026-08-03 19:32:55] [INFO] [nlp_system:dynamic_router.py:20] - Processing request with prompt length 13 chars
[2026-08-03 19:32:56] [INFO] [nlp_system:dynamic_router.py:27] - Routing Decision: Task='question_answering', Confidence=0.49275442957878113, Reason='Zero-Shot classification score (0.49) fell below threshold (0.55). Routed to generalist Instruction Q&A model.'
[2026-08-03 19:32:56] [INFO] [nlp_system:model_manager.py:55] - Retrieving cached pipeline for question_answering:google/flan-t5-base
[2026-08-03 19:33:12] [INFO] [nlp_system:dynamic_router.py:20] - Processing request with prompt length 13 chars
[2026-08-03 19:33:31] [INFO] [nlp_system:logger.py:68] - PREDICTION_EVENT: {"timestamp": "2026-08-03T14:03:31.206632+00:00", "task": "question_answering", "selected_model": "google/flan-t5-base", "execution_time_ms": 35158.85, "status": "SUCCESS"}
[2026-08-03 19:33:33] [INFO] [nlp_system:dynamic_router.py:27] - Routing Decision: Task='question_answering', Confidence=0.49275442957878113, Reason='Zero-Shot classification score (0.49) fell below threshold (0.55). Routed to generalist Instruction Q&A model.'
[2026-08-03 19:33:33] [INFO] [nlp_system:model_manager.py:55] - Retrieving cached pipeline for question_answering:google/flan-t5-base
[2026-08-03 19:36:08] [INFO] [nlp_system:logger.py:68] - PREDICTION_EVENT: {"timestamp": "2026-08-03T14:06:08.054656+00:00", "task": "question_answering", "selected_model": "google/flan-t5-base", "execution_time_ms": 154700.34, "status": "SUCCESS"}
[2026-08-03 19:36:30] [INFO] [nlp_system:dynamic_router.py:20] - Processing request with prompt length 2 chars
[2026-08-03 19:36:39] [INFO] [nlp_system:dynamic_router.py:27] - Routing Decision: Task='summarization', Confidence=0.6072648167610168, Reason='Zero-Shot Classifier matched 'summarization' with 60.7% confidence.'
[2026-08-03 19:36:39] [INFO] [nlp_system:model_manager.py:58] - Loading pipeline 'sshleifer/distilbart-cnn-12-6' for task 'summarization' onto mps...
[2026-08-03 19:36:39] [INFO] [nlp_system:summarizer.py:18] - Instantiating summarization pipeline with model 'sshleifer/distilbart-cnn-12-6'
[2026-08-03 19:37:18] [INFO] [nlp_system:logger.py:68] - PREDICTION_EVENT: {"timestamp": "2026-08-03T14:07:18.578790+00:00", "task": "summarization", "selected_model": "sshleifer/distilbart-cnn-12-6", "execution_time_ms": 16734.13, "status": "SUCCESS"}
[2026-08-03 19:39:19] [INFO] [nlp_system:model_manager.py:43] - ModelManager initialized on target device: mps
[2026-08-03 19:39:19] [INFO] [nlp_system:dynamic_router.py:21] - Processing request with prompt length 39 chars
[2026-08-03 19:39:19] [INFO] [nlp_system:dynamic_router.py:29] - Routing Decision: Task='question_answering', Strategy='Rule-Based Heuristic', Confidence=0.95, Reason='Rule-Based Heuristic (Question / Instruction Match): Detected question mark and interrogative pronoun 'What'. Selected Question Answering model.'
[2026-08-03 19:39:19] [INFO] [nlp_system:model_manager.py:58] - Loading pipeline 'google/flan-t5-base' for task 'question_answering' onto mps...
[2026-08-03 19:39:19] [INFO] [nlp_system:text_gen.py:17] - Instantiating Q&A pipeline with model 'google/flan-t5-base'
[2026-08-03 19:39:37] [INFO] [nlp_system:logger.py:83] - PREDICTION_EVENT: {"timestamp": "2026-08-03T14:09:37.191846+00:00", "task": "question_answering", "selected_model": "google/flan-t5-base", "execution_time_ms": 14848.18, "status": "SUCCESS"}
[2026-08-03 19:39:37] [INFO] [nlp_system:logger.py:130] - REQUEST_LOGGED: Task='question_answering' | Strategy='Rule-Based Heuristic' | Model='google/flan-t5-base' | Conf=95.0% | Latency=14848.2ms | RAM=662.9MB
[2026-08-03 19:39:59] [INFO] [nlp_system:zero_shot_router.py:44] - Loading Zero-Shot Classifier pipeline 'valhalla/distilbart-mnli-12-3' on device 'mps'...
[2026-08-03 19:42:54] [INFO] [nlp_system:model_manager.py:43] - ModelManager initialized on target device: mps
[2026-08-03 19:42:54] [INFO] [nlp_system:dynamic_router.py:21] - Processing request with prompt length 39 chars
[2026-08-03 19:42:54] [INFO] [nlp_system:dynamic_router.py:29] - Routing Decision: Task='question_answering', Strategy='Rule-Based Heuristic', Confidence=0.95, Reason='Rule-Based Heuristic (Question / Instruction Match): Detected question mark and interrogative pronoun 'What'. Selected Question Answering model.'
[2026-08-03 19:42:54] [INFO] [nlp_system:model_manager.py:58] - Loading pipeline 'google/flan-t5-base' for task 'question_answering' onto mps...
[2026-08-03 19:42:54] [INFO] [nlp_system:text_gen.py:17] - Instantiating Q&A pipeline with model 'google/flan-t5-base'
[2026-08-03 19:43:10] [INFO] [nlp_system:logger.py:83] - PREDICTION_EVENT: {"timestamp": "2026-08-03T14:13:10.120426+00:00", "task": "question_answering", "selected_model": "google/flan-t5-base", "execution_time_ms": 12929.99, "status": "SUCCESS"}
[2026-08-03 19:43:10] [INFO] [nlp_system:logger.py:130] - REQUEST_LOGGED: Task='question_answering' | Strategy='Rule-Based Heuristic' | Model='google/flan-t5-base' | Conf=95.0% | Latency=12930.0ms | RAM=704.9MB
[2026-08-03 19:48:26] [INFO] [nlp_system:model_manager.py:55] - ModelManager initialized on target device: mps
[2026-08-03 19:48:26] [INFO] [nlp_system:dynamic_router.py:21] - Processing request with prompt length 39 chars
[2026-08-03 19:48:26] [INFO] [nlp_system:dynamic_router.py:29] - Routing Decision: Task='question_answering', Strategy='Rule-Based Heuristic', Confidence=0.95, Reason='Rule-Based Heuristic (Question / Instruction Match): Detected question mark and interrogative pronoun 'What'. Selected Question Answering model.'
[2026-08-03 19:48:26] [INFO] [nlp_system:model_manager.py:80] - Loading pipeline 'google/flan-t5-base' for task 'question_answering' onto mps...
[2026-08-03 19:48:26] [INFO] [nlp_system:text_gen.py:16] - Instantiating Q&A pipeline with model 'google/flan-t5-base' on device 'mps'
[2026-08-03 19:48:42] [INFO] [nlp_system:logger.py:83] - PREDICTION_EVENT: {"timestamp": "2026-08-03T14:18:42.451710+00:00", "task": "question_answering", "selected_model": "google/flan-t5-base", "execution_time_ms": 13336.85, "status": "SUCCESS"}
[2026-08-03 19:48:42] [INFO] [nlp_system:logger.py:130] - REQUEST_LOGGED: Task='question_answering' | Strategy='Rule-Based Heuristic' | Model='google/flan-t5-base' | Conf=95.0% | Latency=13336.9ms | RAM=773.4MB
[2026-08-03 19:51:45] [INFO] [nlp_system:model_manager.py:55] - ModelManager initialized on target device: mps
[2026-08-03 19:51:45] [INFO] [nlp_system:dynamic_router.py:21] - Processing request with prompt length 39 chars
[2026-08-03 19:51:45] [INFO] [nlp_system:dynamic_router.py:44] - Routing Decision: Task='question_answering', Strategy='Rule-Based Heuristic', Confidence=0.98, Reason='Rule-Based Heuristic (Weighted Score Match): Weighted Rules: Question Mark [+4], Interrogative Word ('What') [+3] -> Total Score: 7. Selected Question Answering model.'
[2026-08-03 19:51:45] [INFO] [nlp_system:logger.py:83] - PREDICTION_EVENT: {"timestamp": "2026-08-03T14:21:45.256804+00:00", "task": "question_answering", "selected_model": "google/flan-t5-base", "execution_time_ms": 15.23, "status": "SUCCESS"}
[2026-08-03 19:51:45] [INFO] [nlp_system:logger.py:130] - REQUEST_LOGGED: Task='question_answering' | Strategy='Rule-Based Heuristic' | Model='google/flan-t5-base' | Conf=98.0% | Latency=15.2ms | RAM=456.5MB
[2026-08-03 19:52:04] [INFO] [nlp_system:zero_shot_router.py:45] - Loading Zero-Shot Classifier pipeline 'valhalla/distilbart-mnli-12-3' on device 'mps'...
